[vingobet.com/index.html]
[connect.facebook.net/en_US/fbevents.js]
[cdn.adjust.com/adjust-latest.min.js]
[s1.kwai.net/kos/s101/nlav11187/pixel/events.js]
[s1.kwai.net/kos/s101/nlav11187/pixel/events81f7.js]
[analytics.tiktok.com/i18n/pixel/events.js]
[backblue.gif]
[fade.gif]
[index.html]
[vingobet.com/favicon.ico]
[fonts.googleapis.com/index.html]
[vingobet.com/logo512.png]
[vingobet.com/manifest.json]
[vingobet.com/static/js/main.c414aaae.js]
[vingobet.com/static/css/main.cef6dd8f.css]
[vingobet.com/loading.gif]
[connect.facebook.net/zh_TW/sdk.js]
[vingobet.com/index.html]
[www.facebook.com/trb723]
[fonts.googleapis.com/index.html]
[fonts.gstatic.com/index.html]
[fonts.googleapis.com/css27097.css]
[vingobet.com/favicon.ico]
[analytics.tiktok.com/i18n/pixel/events.js]
[vingobet.com/logo512.png]
[vingobet.com/a.html]
[vingobet.com/manifest.json]
[vingobet.com/POST.html]
[vingobet.com/b.html]
[vingobet.com/loading.gif]
[vingobet.com/schema.org/index.html]
[connect.facebook.net/en_US/fbevents.js]
[vingobet.com/signals/iwl.html]
[vingobet.com/static/media/skeleton-animation_00.bbbe40ba7e3f81feba79.png]
[vingobet.com/static/media/skeleton-animation_01.e8212243a55868fc24e2.png]
[vingobet.com/static/media/skeleton-animation_02.66ee51a80677f2eaa79c.png]
[vingobet.com/static/media/skeleton-animation_03.f07e6e3ffcf92759f1f4.png]
[vingobet.com/static/media/skeleton-animation_04.d5c7e05329bc04e25d58.png]
[vingobet.com/static/media/skeleton-animation_05.edeeb90833743f2ea404.png]
[vingobet.com/static/media/skeleton-animation_06.8008be5843a93153373c.png]
[vingobet.com/static/media/skeleton-animation_07.f571e5776cdaccd73b36.png]
[vingobet.com/static/media/skeleton-animation_08.cbe1d6e66c012c558d64.png]
[vingobet.com/static/media/skeleton-animation_09.9b40cca1ad8b2b1c5f5e.png]
[vingobet.com/static/media/skeleton-animation_10.e5473fc413810143d96a.png]
[vingobet.com/static/media/skeleton-animation_11.5eddc7d8f676e2d2a90c.png]
[vingobet.com/static/media/skeleton-animation_12.d8a80a47258ef9cd0db1.png]
[vingobet.com/static/media/skeleton-animation_13.7481b6bd137f00a3a4ae.png]
[vingobet.com/static/media/skeleton-animation_14.519df201cdcbb25a1b95.png]
[vingobet.com/static/media/skeleton-animation_15.fdd6f37825b1ed3c2f30.png]
[vingobet.com/static/media/skeleton-animation_16.bf5b57f6bd8efff9d635.png]
[vingobet.com/static/media/skeleton-animation_17.b51c204fba7564078271.png]
[vingobet.com/static/media/skeleton-animation_18.33ddbc98f1473d938947.png]
[vingobet.com/static/media/skeleton-animation_19.949908923e88b8d21a26.png]
[vingobet.com/static/media/skeleton-animation_20.02512314f76b3eb0c47c.png]
[vingobet.com/static/media/skeleton-animation_21.92add2fbe6733b977231.png]
[vingobet.com/static/media/skeleton-animation_22.a0734a8ee78bc2635b0d.png]
[vingobet.com/static/media/skeleton-animation_23.3c1e10f9264f82072adc.png]
[vingobet.com/static/media/skeleton-animation_24.0ed040c2fc104a7098c7.png]
[vingobet.com/static/media/skeleton-animation_25.e73a9daad9dc90a1c8f2.png]
[vingobet.com/static/media/skeleton-animation_26.6531662336d8621bc90b.png]
[vingobet.com/static/media/skeleton-animation_27.bf2a7305488b4b4d9d92.png]
[vingobet.com/static/media/skeleton-animation_00.d37fd70585cfa9f96146.png]
[vingobet.com/static/media/skeleton-animation_01.b97f62e1c6c03c3e66b0.png]
[vingobet.com/static/media/skeleton-animation_02.84d19263bda6cd3f98b9.png]
[vingobet.com/static/media/skeleton-animation_03.7de7e648215e30e41a13.png]
[vingobet.com/static/media/skeleton-animation_04.d2235d4180045f2f4019.png]
[vingobet.com/static/media/skeleton-animation_05.a6d03a7ecd45cd42ae96.png]
[vingobet.com/static/media/skeleton-animation_06.922bcd87aa8a43c5187f.png]
[vingobet.com/static/media/skeleton-animation_07.9ba22c8a8fe35bb789cb.png]
[vingobet.com/static/media/skeleton-animation_08.04519dc87ddcf678fd84.png]
[vingobet.com/static/media/skeleton-animation_09.e173256a2a7cf2fc7893.png]
[vingobet.com/static/media/skeleton-animation_10.3a1f1196c7a846bcc4c2.png]
[vingobet.com/static/media/skeleton-animation_11.112d557362a982970a26.png]
[vingobet.com/static/media/skeleton-animation_12.05d04e4084be0960ac10.png]
[vingobet.com/static/media/skeleton-animation_13.a1ed14ee9ab6d0ae413f.png]
[vingobet.com/static/media/skeleton-animation_14.b3a062a40190a7bcdc2e.png]
[vingobet.com/static/media/skeleton-animation_15.287e2e1d2a99aaad10e0.png]
[vingobet.com/static/media/skeleton-animation_16.d317dfc1f608047e652d.png]
[vingobet.com/static/media/skeleton-animation_17.b815a6c8c8e856f54cee.png]
[vingobet.com/static/media/skeleton-animation_18.72ddb55a4850cb66a989.png]
[vingobet.com/static/media/skeleton-animation_19.2d7d7d16c55d2bd22226.png]
[vingobet.com/static/media/skeleton-animation_20.5da3acdec362f3086a67.png]
[vingobet.com/static/media/skeleton-animation_21.a45fdd0489e8c61a9a71.png]
[vingobet.com/static/media/skeleton-animation_22.1b80856c9ef4c32cdb24.png]
[vingobet.com/static/media/skeleton-animation_23.376ad63e77c66194fb8c.png]
[vingobet.com/static/media/skeleton-animation_24.a7d746af18e814f45028.png]
[vingobet.com/static/media/skeleton-animation_25.90f445c561f4a83e57cc.png]
[vingobet.com/static/media/skeleton-animation_26.b97c9e67b18b18dc0e1a.png]
[vingobet.com/static/media/skeleton-animation_27.675436761683290d2650.png]
[vingobet.com/static/media/app-smart-banner-bg.eb443b049661974555a6.png]
[vingobet.com/static/media/desktop.126d42f679042e7809b2.png]
[vingobet.com/static/media/desktop-en.436b3677db2fc4760b21.png]
[vingobet.com/static/media/mobile.4e470e5d0c4a96224e11.png]
[vingobet.com/static/media/mobile-en.87079ce4d72402c7e0f5.png]
[vingobet.com/static/media/game-bg-area.6acd06fc3cbbe9f7a066.png]
[vingobet.com/static/media/bg-flipCoin.cf471fb2a2c8f80ba38d.png]
[vingobet.com/static/media/hilo-bg.c9d880985105d702a5a3.png]
[vingobet.com/static/media/bg-hashBet.b98e90ab5292cd4a1423.png]
[vingobet.com/static/media/bg-k3.66475a3b4d1325ee5be1.png]
[vingobet.com/static/media/banner-negative.ecf3a80e07ced1bdd840.png]
[vingobet.com/static/media/goldMining-bg.5ca1a0b119d83757cecd.png]
[vingobet.com/static/media/bankIn.eca64fcdf39d7984f532.png]
[vingobet.com/static/media/Back.b5a5fe9405ff88351b97.png]
[vingobet.com/static/media/bankIn.eca64fcdf39d7984f532.png]
[vingobet.com/static/media/banner-negative.ecf3a80e07ced1bdd840.png]
[vingobet.com/static/media/bg-rocket.10cd8937bfae56562efe.png]
[vingobet.com/static/media/goldMining-bg.5ca1a0b119d83757cecd.png]
[vingobet.com/static/media/Back.b5a5fe9405ff88351b97.png]
[vingobet.com/static/media/sevenDay.9dc793bfccd24ea857c2.png]
[vingobet.com/static/media/bg-speed.b9976b9a13487f89baca.png]
[vingobet.com/static/css/main.cef6dd8f.css]
[connect.facebook.net/zh_TW/sdk.js]
[vingobet.com/a.html]
[vingobet.com/POST.html]
[vingobet.com/schema.org/index.html]
[vingobet.com/b.html]
[vingobet.com/signals/iwl.html]
[vingobet.com/static/media/tip.77eb35dfd10c856c7dcc.png]
