[coins.game/index.html]
[backblue.gif]
[fade.gif]
[index.html]
[coins.game/favicon9d34.png]
[coins.game/assets/img/icons/120x1205870.png]
[coins.game/assets/img/icons/260x2605870.png]
[coins.game/assets/img/icons/144x1445870.png]
[coins.game/assets/img/icons/favicon-32x325870.png]
[coins.game/assets/img/icons/favicon-16x165870.png]
[coins.game/assets/img/icons/site.webmanifest]
[coins.game/assets/coins_logo.svg]
[coins.game/assets/swiper-bundleNew.min9888.css]
[coins.game/assets/alert/sweetalert2.min9888.css]
[coins.game/assets/vanilla-notify.min787c.css]
[jetgamescdn.com/apps/currency/ratesbd45.js]
[coins.game/assets/chat/chatStyles.min02ad.css]
[coins.game/assets/main.min02ad.css]
[coins.game/captcha/assets/css/icon-captcha.min.css]
[coins.game/game_play/cache/soft_02ad.js]
[static.sumsub.com/idensic/static/sns-websdk-builder3ecd.js]
[coins.game/assets/combined02ad.js]
[js.hcaptcha.com/1/api.js]
[coins.game/manifest.json]
[coins.game/assets/coins_d2.svg]
[coins.game/assets/coins_mob25661.svg]
[coins.game/assets/const/svg-sprite1.svg]
[coins.game/assets/coins/BTC.svg]
[coins.game/assets/flags/en5661.svg]
[coins.game/assets/image/vipclub/vip2.svg]
[coins.game/cybersport.html]
[coins.game/assets/image/bonus_block/side_slid3.png]
[coins.game/assets/image/whel777.png]
[coins.game/assets/image/iconsMenu/buycr.png]
[coins.game/assets/flags/en9d34.svg]
[coins.game/assets/image/blocksMain/mask.png]
[coins.game/assets/image/blocksMain/mask2x.png]
[coins.game/assets/image/iconsMenu/LiveCasinoM.svg]
[coins.game/assets/image/iconsMenu/Sport2M.svg]
[coins.game/assets/image/iconsMenu/sport_live2M9d34.svg]
[coins.game/assets/image/iconsMenu/cupolstM.svg]
[coins.game/assets/image/iconsMenu/wheelM.svg]
[coins.game/assets/image/iconsMenu/Favorite.svg]
[coins.game/assets/image/iconsMenu/Recent.svg]
[coins.game/assets/image/iconsMenu/Promotions.svg]
[coins.game/assets/image/iconsMenu/VipClub.svg]
[coins.game/assets/image/iconsMenu/HelpCenter.svg]
[coins.game/assets/const/telegram.svg]
[coins.game/assets/Instagram.svg]
[coins.game/assets/vk.svg]
[coins.game/assets/image/mainBans/banMD5661.png]
[coins.game/assets/image/mainBans/banMM.png]
[coins.game/assets/image/mainBans/banCD5870.png]
[coins.game/assets/image/mainBans/banCM.png]
[coins.game/assets/image/mainBans/banSD5870.png]
[coins.game/assets/image/iconsMenu/Sport2.svg]
[coins.game/assets/image/mainBans/banSM.png]
[coins.game/assets/const/main/star.svg]
[coins.game/cdn-cgi/l/email-protection.html]
[coins.game/assets/coins/BCHb925.svg]
[coins.game/assets/coins/USDTb925.svg]
[coins.game/assets/coins/ETHb925.svg]
[coins.game/assets/coins/XRPb925.svg]
[coins.game/assets/coins/BNBb925.svg]
[coins.game/assets/coins/USDCb925.svg]
[coins.game/assets/coins/NZD.svg]
[coins.game/assets/coins/BDT.svg]
[coins.game/assets/coins/DOTb925.svg]
[coins.game/assets/coins/MATICb925.svg]
[coins.game/assets/coins/SHIBb925.svg]
[coins.game/assets/coins/CAD.svg]
[coins.game/assets/coins/INR.svg]
[coins.game/assets/coins/TRY.svg]
[coins.game/assets/coins/EUR.svg]
[coins.game/assets/image/GC_logo.png]
[coins.game/assets/image/plusPaed9.svg]
[coins.game/assets/image/iconsMenu/Reward.svg]
[coins.game/cdn-cgi/scripts/5c5dd728/cloudflare-static/email-decode.min.js]
[coins.game/cdn-cgi/challenge-platform/h/g/scripts/jsd/6aac8896f227/main.js]
[my.rtmark.net/p76f9.js]
[my.rtmark.net/img76f9.gif]
[adscool.net/assets/js/coins_game.js]
[libs.smartico.ai/smartico.js]
[coins.game/index.html]
[dsp-media.eskimi.com/assets/js/e/gtr.mina93d.js]
[jetgamescdn.com/apps/currency/ratesbcd1.js]
[coins.game/cybersport.html]
[coins.game/cdn-cgi/l/email-protection.html]
[widget.intercom.io/widget/hhhxqrtn]
[jetgamescdn.com/apps/currency/ratesbd45.js]
[coins.game/game_play/cache/soft_02ad.js]
[static.sumsub.com/idensic/static/sns-websdk-builder3ecd.js]
[coins.game/manifest.json]
[coins.game/assets/img/icons/a-t-icon5870.svg]
[coins.game/assets/image/blocksMain/mask2x.png]
[coins.game/cdn-cgi/scripts/5c5dd728/cloudflare-static/email-decode.min.js]
[coins.game/cdn-cgi/challenge-platform/h/g/scripts/jsd/6aac8896f227/main.js]
[coins.game/assets/img/icons/safari-pinned-tab5870.svg]
[coins.game/assets/combined02ad.js]
[coins.game/assets/coins_logo.svg]
[adscool.net/assets/js/coins_game.js]
[coins.game/assets/swiper-bundleNew.min9888.css]
[libs.smartico.ai/smartico.js]
[coins.game/assets/alert/sweetalert2.min9888.css]
[dsp-media.eskimi.com/assets/js/e/gtr.mina93d.js]
[coins.game/assets/vanilla-notify.min787c.css]
[jetgamescdn.com/apps/currency/ratesbcd1.js]
[coins.game/assets/image/blocksMain/mask.png]
[my.rtmark.net/p76f9.js]
[coins.game/assets/chat/chatStyles.min02ad.css]
[coins.game/assets/const/cross.svg]
[coins.game/assets/image/promo/logo3.png]
[coins.game/assets/image/TinkoffRub.png]
[coins.game/assets/image/TinkoffRub.png]
[coins.game/assets/image/promo/logo3.png]
[coins.game/assets/image/mainCardRub.png]
[coins.game/assets/image/SberRub.png]
[coins.game/assets/image/monobankP5661.png]
[coins.game/assets/image/SberRub.png]
[coins.game/assets/image/privatP5661.png]
[coins.game/assets/image/pumbP5661.png]
[coins.game/assets/image/abankP5661.png]
[coins.game/assets/fonts/robotoI7.woff2]
[coins.game/assets/fonts/robotoI6.woff2]
[coins.game/assets/fonts/robotoI5.woff2]
[coins.game/assets/fonts/robotoI4.woff2]
[coins.game/assets/fonts/robotoI3.woff2]
[coins.game/assets/fonts/robotoI6.woff2]
[coins.game/assets/fonts/robotoI2.woff2]
[coins.game/assets/fonts/robotoI1.woff2]
[coins.game/assets/fonts/robotoMe7.woff2]
[coins.game/assets/fonts/robotoMe6.woff2]
[coins.game/assets/fonts/robotoMe5.woff2]
[coins.game/assets/fonts/robotoMe4.woff2]
[coins.game/assets/fonts/robotoMe3.woff2]
[coins.game/assets/fonts/robotoMe2.woff2]
[coins.game/assets/fonts/robotoMe1.woff2]
[coins.game/assets/fonts/robotoBo7.woff2]
[coins.game/assets/fonts/robotoBo6.woff2]
[coins.game/assets/fonts/robotoBo5.woff2]
[coins.game/assets/fonts/robotoBo4.woff2]
[coins.game/assets/fonts/robotoBo3.woff2]
[coins.game/assets/fonts/robotoBo2.woff2]
[coins.game/assets/fonts/robotoBo1.woff2]
[coins.game/assets/fonts/robotoR7.woff2]
[coins.game/assets/fonts/robotoR6.woff2]
[coins.game/assets/fonts/robotoR5.woff2]
[coins.game/assets/fonts/robotoR4.woff2]
[coins.game/assets/fonts/robotoR3.woff2]
[coins.game/assets/fonts/robotoR2.woff2]
[coins.game/assets/fonts/robotoR1.woff2]
[coins.game/assets/fonts/robotoM7.woff2]
[coins.game/assets/fonts/robotoM6.woff2]
[coins.game/assets/fonts/robotoM7.woff2]
[coins.game/assets/fonts/robotoM5.woff2]
[coins.game/assets/fonts/robotoM4.woff2]
[coins.game/assets/fonts/robotoM3.woff2]
[coins.game/assets/fonts/robotoM2.woff2]
[coins.game/assets/fonts/robotoM1.woff2]
[coins.game/assets/fonts/robotoB7.woff2]
[coins.game/assets/fonts/robotoB6.woff2]
[coins.game/assets/fonts/robotoB5.woff2]
[coins.game/assets/fonts/robotoB4.woff2]
[coins.game/assets/fonts/robotoB3.woff2]
[coins.game/assets/fonts/robotoB2.woff2]
[coins.game/assets/fonts/robotoB1.woff2]
[coins.game/assets/image/promo/oval.png]
[coins.game/assets/image/promo/rakeback-w.png]
[coins.game/assets/image/promo/recharge-w.png]
[coins.game/assets/image/promo/pig3115f.png]
[coins.game/assets/image/promo/recharge9dd4.png]
[coins.game/assets/image/promo/task.png]
[coins.game/assets/image/promo/bcd-bg-bottom-w.png]
[coins.game/assets/image/promo/circle-bcd-w.png]
[coins.game/assets/image/promo/bcd-bg-bottom.png]
[coins.game/assets/image/promo/circle-bcd.png]
[coins.game/assets/image/promo/money.png]
[coins.game/assets/image/promo/proc1.png]
[coins.game/assets/image/promo/shadow-w.png]
[coins.game/assets/image/promo/shadow.png]
[coins.game/assets/image/promo/light1.png]
[coins.game/assets/image/promo/mask1.png]
[coins.game/assets/image/promo/front16431.png]
[coins.game/assets/image/promo/light2.png]
[coins.game/assets/image/promo/mask2.png]
[coins.game/assets/image/promo/front26431.png]
[coins.game/assets/image/promo/light3.png]
[coins.game/assets/image/promo/mask3.png]
[coins.game/assets/image/promo/front36431.png]
[coins.game/assets/image/promo/big_bonus.png]
[coins.game/assets/image/promo/light4.png]
[coins.game/assets/image/promo/mask4.png]
[coins.game/assets/image/promo/front46431.png]
[coins.game/assets/image/promo/effect-coin.png]
[coins.game/assets/image/promo/effect-coin-left.png]
[coins.game/assets/image/promo/light1_m.png]
[coins.game/assets/image/promo/light2_m.png]
[coins.game/assets/image/promo/light3_m.png]
[coins.game/assets/image/promo/big_bonus_m.png]
[coins.game/assets/image/promo/light4_m.png]
[coins.game/assets/const/aff1.jpg]
[coins.game/assets/const/aff2.jpg]
[coins.game/assets/const/aff3.jpg]
[coins.game/assets/const/google_svg9d34.svg]
[coins.game/assets/const/facebook_svg9d34.svg]
[coins.game/assets/const/twitch440b.svg]
[coins.game/assets/vk9d34.svg]
[coins.game/assets/steam.svg]
[coins.game/assets/reddit.svg]
[coins.game/assets/image/promo/scratch5661.jpg]
[coins.game/assets/image/promo/coindrop.jpg]
[coins.game/assets/image/promo/rain.jpg]
[coins.game/assets/main.min02ad.css]
[coins.game/captcha/assets/css/icon-captcha.min.css]
[www.googletagmanager.com/gtm5445.html]
[coins.game/assets/coins_d2.svg]
[coins.game/assets/coins_mob25661.svg]
[coins.game/assets/const/svg-sprite1.svg]
[coins.game/assets/coins/BTC.svg]
[coins.game/assets/flags/en5661.svg]
[coins.game/assets/image/vipclub/vip2.svg]
[coins.game/assets/svgGame/CrashM15661.svg]
[coins.game/assets/svgGame/DiceM15661.svg]
[coins.game/sport_softswiss/menu/sport-icons78c3.svg]
[coins.game/assets/svgGame/DoubleM15661.svg]
[coins.game/assets/svgGame/RouletteM15661.svg]
[coins.game/assets/svgGame/CoinsflipM15661.svg]
[coins.game/assets/svgGame/BlackjackM15661.svg]
[coins.game/assets/svgGame/KenoM15661.svg]
[coins.game/assets/svgGame/HiloM15661.svg]
[coins.game/assets/svgGame/LimboM15661.svg]
[coins.game/assets/svgGame/PlinkoM15661.svg]
[coins.game/assets/svgGame/MinesM15661.svg]
[coins.game/assets/svgGame/PassageM15661.svg]
[coins.game/assets/svgGame/WheelM15661.svg]
[coins.game/assets/image/iconsMenu/bonuses35661.svg]
[coins.game/assets/svgGame/Crash5661.svg]
[coins.game/assets/svgGame/Double25661.svg]
[coins.game/assets/svgGame/Coinsflip5661.svg]
[coins.game/assets/svgGame/Roulette15661.svg]
[coins.game/assets/svgGame/Blackjack5661.svg]
[coins.game/assets/svgGame/keno25661.svg]
[coins.game/assets/svgGame/hilo15661.svg]
[coins.game/assets/svgGame/Limbo5661.svg]
[coins.game/assets/svgGame/Plinko5661.svg]
[coins.game/assets/svgGame/Mines5661.svg]
[coins.game/assets/svgGame/Passage15661.svg]
[coins.game/assets/svgGame/Dice5661.svg]
[coins.game/assets/svgGame/Wheel5661.svg]
[coins.game/assets/flags/enbaeb.svg]
[coins.game/assets/flags/debaeb.svg]
[coins.game/assets/flags/frbaeb.svg]
[coins.game/assets/flags/esbaeb.svg]
[coins.game/assets/flags/hibaeb.svg]
[coins.game/assets/flags/idbaeb.svg]
[coins.game/assets/flags/jabaeb.svg]
[coins.game/assets/flags/kobaeb.svg]
[coins.game/assets/flags/zhbaeb.svg]
[coins.game/assets/flags/fabaeb.svg]
[coins.game/assets/flags/pt3853.svg]
[coins.game/assets/flags/uabaeb.svg]
[coins.game/assets/flags/rubaeb.svg]
[coins.game/assets/flags/trbaeb.svg]
[coins.game/assets/flags/azbaeb.svg]
[coins.game/assets/flags/plbaeb.svg]
[coins.game/assets/flags/fibaeb.svg]
[coins.game/assets/flags/en9d34.svg]
[coins.game/assets/svgGame/CrashM1.svg]
[coins.game/assets/svgGame/CoinsflipM1.svg]
[coins.game/assets/svgGame/DoubleM1.svg]
[coins.game/assets/svgGame/RouletteM1.svg]
[coins.game/assets/svgGame/BlackjackM1e938.svg]
[coins.game/assets/svgGame/KenoM1.svg]
[coins.game/assets/svgGame/HiloM1.svg]
[coins.game/assets/svgGame/LimboM1.svg]
[coins.game/assets/svgGame/PlinkoM1.svg]
[coins.game/assets/svgGame/DiceM1.svg]
[coins.game/assets/svgGame/WheelM1.svg]
[coins.game/assets/image/iconsMenu/SlotsM.svg]
[coins.game/assets/image/iconsMenu/LiveCasinoM.svg]
[coins.game/assets/image/iconsMenu/esportsM9d34.svg]
[coins.game/assets/image/iconsMenu/Sport2M.svg]
[coins.game/assets/image/iconsMenu/sport_live2M9d34.svg]
[coins.game/assets/image/iconsMenu/Bonuses2.svg]
[coins.game/assets/image/iconsMenu/cupolstM.svg]
[coins.game/assets/image/iconsMenu/wheelM.svg]
[coins.game/assets/image/iconsMenu/VipClubM.svg]
[coins.game/assets/image/iconsMenu/Favorite.svg]
[coins.game/assets/image/iconsMenu/Recent.svg]
[coins.game/assets/image/iconsMenu/Promotions.svg]
[coins.game/assets/image/iconsMenu/Affilate.svg]
[coins.game/assets/image/iconsMenu/VipClub.svg]
[coins.game/assets/image/iconsMenu/HelpCenter.svg]
[coins.game/assets/const/telegram.svg]
[coins.game/assets/Instagram.svg]
[coins.game/assets/vk.svg]
[coins.game/assets/xtwit.svg]
[coins.game/assets/image/iconsMenu/LiveCasino.svg]
[sodipodi.sourceforge.net/DTD/sodipodi-0.121.delayed]
[coins.game/assets/image/iconsMenu/basketballicon.svg]
[coins.game/assets/image/iconsMenu/Sport2.svg]
[coins.game/assets/const/3f6addb40ab84daaaa374ca5ee025246.svg]
[coins.game/assets/const/main/star.svg]
[coins.game/assets/coins/JET.svg]
[coins.game/assets/coins/BCHb925.svg]
[coins.game/assets/coins/USDTb925.svg]
[coins.game/assets/coins/ETHb925.svg]
[coins.game/assets/coins/LTCb925.svg]
[coins.game/assets/coins/DOGEb925.svg]
[coins.game/assets/coins/XRPb925.svg]
[coins.game/assets/coins/ADAb925.svg]
[coins.game/assets/coins/TRXb925.svg]
[coins.game/assets/coins/BNBb925.svg]
[coins.game/assets/coins/USDCb925.svg]
[coins.game/assets/coins/NZD.svg]
[coins.game/assets/coins/KES.svg]
[coins.game/assets/coins/BDT.svg]
[coins.game/assets/coins/NGN.svg]
[coins.game/assets/coins/IDR.svg]
[coins.game/assets/coins/DOTb925.svg]
[coins.game/assets/coins/SOLb925.svg]
[coins.game/assets/coins/MATICb925.svg]
[coins.game/assets/coins/SHIBb925.svg]
[coins.game/assets/coins/BRL.svg]
[coins.game/assets/coins/CAD.svg]
[coins.game/assets/coins/AUD.svg]
[coins.game/assets/coins/AZN.svg]
[coins.game/assets/coins/INR.svg]
[coins.game/assets/coins/KZT.svg]
[coins.game/assets/coins/TRY.svg]
[coins.game/assets/coins/RUB.svg]
[coins.game/assets/coins/EUR.svg]
[coins.game/assets/coins/UAH.svg]
[coins.game/assets/coins/PHP.svg]
[coins.game/assets/coins/PEN.svg]
[coins.game/assets/image/verif5661.svg]
[coins.game/assets/image/iconsMenu/Casino36bd5.svg]
[coins.game/assets/image/iconsMenu/sport_prematch29d34.svg]
[coins.game/assets/image/mainSVG/slots/rl25870.svg]
[coins.game/assets/image/iconsMenu/Hamburger.svg]
[coins.game/assets/image/plusPaed9.svg]
[coins.game/assets/image/iconsMenu/Reward.svg]
[coins.game/assets/coins/hideDep.svg]
[widget.intercom.io/widget/hhhxqrtn]
[coins.game/assets/chat/cross.svg]
[coins.game/assets/const/cross.svg]
[coins.game/assets/preCirc6431.svg]
[coins.game/assets/image/promo/bg1.svg]
[coins.game/assets/image/promo/bg2.svg]
[coins.game/assets/image/promo/bg3.svg]
[coins.game/assets/image/promo/bg4.svg]
[coins.game/assets/image/promo/bg1_m.svg]
[coins.game/assets/image/promo/bg2_m.svg]
[coins.game/assets/image/promo/bg3_m.svg]
[coins.game/assets/image/promo/bg4_m.svg]
[coins.game/assets/image/cross.svg]
[coins.game/assets/const/google_svg9d34.svg]
[coins.game/assets/const/facebook_svg9d34.svg]
[coins.game/assets/const/twitch440b.svg]
[coins.game/assets/vk9d34.svg]
[coins.game/assets/steam.svg]
[coins.game/assets/reddit.svg]
[coins.game/assets/img/arrowCrazy1.svg]
[sodipodi.sourceforge.net/DTD/sodipodi-0.html]
[coins.game/assets/image/iconsMenu/basketballicon.html]
